[2026-08-13T00:01:13.640Z][INFO] Command-line: 'C:\\Program Files\\Unity\\Hub\\Editor\\6000.5.7f1\\Editor\\Data\\Resources\\PackageManager\\Server\\UnityPackageManager.exe' server -s 5816 --ipc-path Unity-Upm-5816 -l 2 --log-file 'C:\\Unity Projects\\Mahjong/Logs/upm.log'
[2026-08-13T00:01:13.708Z][INFO] IPC server started (IPC path=Unity-Upm-5816).
[2026-08-13T00:01:13.709Z][INFO] Hint: To connect to this UPM instance, launch Unity with the command-line parameter -upmIpcPath Upm-5816.
[2026-08-13T00:01:50.622Z][INFO] project:list-packages <-- Request received
params: {}
[2026-08-13T00:01:51.192Z][INFO] project:list-packages <-- Request received
params: {}
[2026-08-13T00:01:51.211Z][INFO] config:project:get-registries <-- Request received
params: {}
[2026-08-13T00:01:51.822Z][INFO] config:project:get-registries --> 200 (611 ms)
[2026-08-13T00:01:52.586Z][INFO] project:list-packages --> 200 (1964 ms)
[2026-08-13T00:01:52.591Z][INFO] project:list-packages --> 200 (1399 ms)
[2026-08-13T00:02:23.305Z][INFO] project:list-packages <-- Request received
params: {}
[2026-08-13T00:02:23.376Z][INFO] project:list-packages <-- Request received
params: {}
[2026-08-13T00:02:23.814Z][INFO] project:list-packages --> 200 (509 ms)
[2026-08-13T00:02:23.880Z][INFO] project:list-packages --> 200 (503 ms)
[2026-08-13T00:02:27.615Z][INFO] project:list-packages <-- Request received
params: {}
[2026-08-13T00:02:28.009Z][INFO] project:list-packages --> 200 (394 ms)
[2026-08-13T00:02:28.817Z][INFO] config:project:get-registries <-- Request received
params: {}
[2026-08-13T00:02:28.823Z][INFO] config:project:get-registries --> 200 (6 ms)
[2026-08-13T00:02:34.997Z][INFO] project:list-packages <-- Request received
params: {}
[2026-08-13T00:02:35.381Z][INFO] project:list-packages --> 200 (384 ms)
[2026-08-13T00:02:40.432Z][INFO] project:list-packages <-- Request received
params: {}
[2026-08-13T00:02:42.422Z][INFO] project:list-packages --> 200 (1990 ms)
[2026-08-13T00:03:57.717Z][INFO] packages:get-all-packageinfo <-- Request received
params: {}
[2026-08-13T00:03:57.734Z][INFO] packages:get-all-packageinfo <-- Request received
params: {}
[2026-08-13T00:03:57.750Z][INFO] project:list-packages <-- Request received
params: {}
[2026-08-13T00:03:57.750Z][INFO] packages:get-all-packageinfo <-- Request received
params: {}
[2026-08-13T00:03:57.777Z][INFO] packages:get-all-packageinfo <-- Request received
params: {}
[2026-08-13T00:03:57.778Z][INFO] project:list-packages <-- Request received
params: {}
[2026-08-13T00:04:00.717Z][INFO] packages:get-all-packageinfo --> 200 (2983 ms)
[2026-08-13T00:04:00.837Z][INFO] packages:get-all-packageinfo --> 200 (3060 ms)
[2026-08-13T00:04:00.867Z][INFO] packages:get-all-packageinfo <-- Request received
params: {}
[2026-08-13T00:04:00.868Z][INFO] packages:get-all-packageinfo <-- Request received
params: {}
[2026-08-13T00:04:00.868Z][INFO] project:list-packages <-- Request received
params: {}
[2026-08-13T00:04:02.377Z][INFO] packages:get-all-packageinfo --> 200 (1509 ms)
[2026-08-13T00:04:02.980Z][INFO] packages:get-packageinfo <-- Request received
params: {
  "packageId": "com.unity.addressables@2.9.1"
}
[2026-08-13T00:04:02.981Z][INFO] packages:get-packageinfo <-- Request received
params: {
  "packageId": "com.unity.ads.ios-support@1.0.1"
}
[2026-08-13T00:04:02.982Z][INFO] packages:get-packageinfo <-- Request received
params: {
  "packageId": "com.unity.learn.iet-framework@5.0.4"
}
[2026-08-13T00:04:02.982Z][INFO] packages:get-packageinfo <-- Request received
params: {
  "packageId": "com.unity.learn.iet-framework.authoring@1.5.4"
}
[2026-08-13T00:04:03.035Z][INFO] packages:get-packageinfo <-- Request received
params: {
  "packageId": "com.unity.polyspatial.extensions@3.1.5"
}
[2026-08-13T00:04:03.036Z][INFO] packages:get-packageinfo <-- Request received
params: {
  "packageId": "com.unity.polyspatial.visionos@3.1.5"
}
[2026-08-13T00:04:03.037Z][INFO] packages:get-packageinfo <-- Request received
params: {
  "packageId": "com.unity.scriptablebuildpipeline@2.6.1"
}
[2026-08-13T00:04:03.037Z][INFO] packages:get-packageinfo <-- Request received
params: {
  "packageId": "com.unity.services.friends@1.1.1"
}
[2026-08-13T00:04:03.038Z][INFO] packages:get-packageinfo <-- Request received
params: {
  "packageId": "com.unity.services.moderation@1.0.2"
}
[2026-08-13T00:04:03.119Z][INFO] packages:get-packageinfo <-- Request received
params: {
  "packageId": "com.unity.xr.arcore@6.5.0"
}
[2026-08-13T00:04:03.120Z][INFO] packages:get-packageinfo <-- Request received
params: {
  "packageId": "com.unity.xr.arfoundation@6.5.0"
}
[2026-08-13T00:04:03.120Z][INFO] packages:get-packageinfo <-- Request received
params: {
  "packageId": "com.unity.xr.arkit@6.5.0"
}
[2026-08-13T00:04:03.121Z][INFO] packages:get-packageinfo <-- Request received
params: {
  "packageId": "com.unity.xr.management@4.5.4"
}
[2026-08-13T00:04:03.121Z][INFO] packages:get-packageinfo <-- Request received
params: {
  "packageId": "com.unity.xr.visionos@3.1.5"
}
[2026-08-13T00:04:04.036Z][INFO] packages:get-packageinfo --> 200 (998 ms)
[2026-08-13T00:04:04.037Z][INFO] packages:get-packageinfo --> 200 (1000 ms)
[2026-08-13T00:04:04.058Z][INFO] packages:get-packageinfo --> 200 (1077 ms)
[2026-08-13T00:04:04.060Z][INFO] packages:get-packageinfo --> 200 (1078 ms)
[2026-08-13T00:04:04.063Z][INFO] packages:get-packageinfo --> 200 (1081 ms)
[2026-08-13T00:04:04.064Z][INFO] packages:get-packageinfo --> 200 (1029 ms)
[2026-08-13T00:04:04.065Z][INFO] packages:get-packageinfo --> 200 (1029 ms)
[2026-08-13T00:04:04.070Z][INFO] packages:get-packageinfo --> 200 (1090 ms)
[2026-08-13T00:04:04.073Z][INFO] packages:get-packageinfo --> 200 (953 ms)
[2026-08-13T00:04:04.075Z][INFO] packages:get-packageinfo --> 200 (1038 ms)
[2026-08-13T00:04:04.077Z][INFO] packages:get-packageinfo --> 200 (956 ms)
[2026-08-13T00:04:04.081Z][INFO] packages:get-packageinfo --> 200 (962 ms)
[2026-08-13T00:04:04.086Z][INFO] packages:get-packageinfo --> 200 (966 ms)
[2026-08-13T00:04:04.092Z][INFO] packages:get-packageinfo --> 200 (972 ms)
[2026-08-13T00:04:04.270Z][INFO] packages:get-all-packageinfo --> 200 (6553 ms)
[2026-08-13T00:04:04.276Z][INFO] packages:get-all-packageinfo --> 200 (3409 ms)
[2026-08-13T00:04:04.283Z][INFO] packages:get-all-packageinfo --> 200 (6533 ms)
[2026-08-13T00:04:04.484Z][INFO] packages:get-packageinfo <-- Request received
params: {
  "packageId": "com.unity.xr.hands@1.8.1"
}
[2026-08-13T00:04:04.495Z][INFO] packages:get-packageinfo <-- Request received
params: {
  "packageId": "com.unity.xr.interaction.toolkit@3.5.1"
}
[2026-08-13T00:04:04.510Z][INFO] packages:get-packageinfo <-- Request received
params: {
  "packageId": "com.unity.xr.openxr@1.17.1"
}
[2026-08-13T00:04:04.572Z][INFO] packages:get-packageinfo --> 200 (88 ms)
[2026-08-13T00:04:04.575Z][INFO] packages:get-packageinfo --> 200 (65 ms)
[2026-08-13T00:04:04.579Z][INFO] packages:get-packageinfo --> 200 (84 ms)
[2026-08-13T00:04:05.138Z][INFO] project:list-packages --> 200 (7360 ms)
[2026-08-13T00:04:05.140Z][INFO] project:list-packages --> 200 (7390 ms)
[2026-08-13T00:04:05.142Z][INFO] project:list-packages --> 200 (4274 ms)
[2026-08-13T00:05:49.753Z][INFO] project:list-packages <-- Request received
params: {}
[2026-08-13T00:05:50.077Z][INFO] project:list-packages --> 200 (324 ms)
[2026-08-13T00:05:50.156Z][INFO] project:list-packages <-- Request received
params: {}
[2026-08-13T00:05:50.525Z][INFO] project:list-packages --> 200 (369 ms)
[2026-08-13T00:05:50.600Z][INFO] project:list-packages <-- Request received
params: {}
[2026-08-13T00:05:50.914Z][INFO] project:list-packages --> 200 (314 ms)
[2026-08-13T00:16:18.725Z][INFO] project:list-packages <-- Request received
params: {}
[2026-08-13T00:16:19.099Z][INFO] project:list-packages --> 200 (374 ms)
[2026-08-13T00:16:19.641Z][INFO] project:list-packages <-- Request received
params: {}
[2026-08-13T00:16:19.959Z][INFO] config:project:get-registries <-- Request received
params: {}
[2026-08-13T00:16:19.978Z][INFO] config:project:get-registries --> 200 (19 ms)
[2026-08-13T00:16:20.054Z][INFO] project:list-packages --> 200 (413 ms)
[2026-08-13T00:18:07.422Z][INFO] project:list-packages <-- Request received
params: {}
[2026-08-13T00:18:07.717Z][INFO] project:list-packages --> 200 (295 ms)
[2026-08-13T00:18:07.838Z][INFO] project:list-packages <-- Request received
params: {}
[2026-08-13T00:18:08.116Z][INFO] project:list-packages --> 200 (278 ms)
[2026-08-13T00:18:08.216Z][INFO] project:list-packages <-- Request received
params: {}
[2026-08-13T00:18:08.488Z][INFO] project:list-packages --> 200 (272 ms)
[2026-08-13T00:20:17.134Z][INFO] packages:get-packageinfo <-- Request received
params: {
  "packageId": "com.unity.ide.rider"
}
[2026-08-13T00:20:17.694Z][INFO] packages:get-packageinfo --> 200 (560 ms)
[2026-08-13T00:21:28.867Z][INFO] packages:get-packageinfo <-- Request received
params: {
  "packageId": "com.unity.ide.rider"
}
[2026-08-13T00:21:29.463Z][INFO] packages:get-packageinfo --> 200 (596 ms)
[2026-08-13T00:22:12.341Z][INFO] packages:get-packageinfo <-- Request received
params: {
  "packageId": "com.unity.ide.rider"
}
[2026-08-13T00:22:12.954Z][INFO] packages:get-packageinfo --> 200 (613 ms)
[2026-08-13T00:38:38.262Z][INFO] project:list-packages <-- Request received
params: {}
[2026-08-13T00:38:38.538Z][INFO] project:list-packages --> 200 (276 ms)
[2026-08-13T00:38:38.960Z][INFO] project:list-packages <-- Request received
params: {}
[2026-08-13T00:38:39.373Z][INFO] config:project:get-registries <-- Request received
params: {}
[2026-08-13T00:38:39.570Z][INFO] config:project:get-registries --> 200 (197 ms)
[2026-08-13T00:38:39.746Z][INFO] project:list-packages --> 200 (786 ms)
[2026-08-13T00:40:33.587Z][INFO] project:list-packages <-- Request received
params: {}
[2026-08-13T00:40:34.472Z][INFO] project:list-packages <-- Request received
params: {}
[2026-08-13T00:40:34.746Z][INFO] config:project:get-registries <-- Request received
params: {}
[2026-08-13T00:40:34.779Z][INFO] config:project:get-registries --> 200 (33 ms)
[2026-08-13T00:40:38.250Z][INFO] project:list-packages --> 200 (4663 ms)
[2026-08-13T00:40:38.556Z][INFO] packages:get-packageinfo <-- Request received
params: {
  "packageId": "com.unity.ide.rider"
}
[2026-08-13T00:40:38.695Z][INFO] project:list-packages --> 200 (4224 ms)
[2026-08-13T00:40:39.197Z][INFO] packages:get-packageinfo --> 200 (641 ms)
[2026-08-13T00:42:44.165Z][INFO] project:list-packages <-- Request received
params: {}
[2026-08-13T00:42:44.932Z][INFO] project:list-packages --> 200 (767 ms)
[2026-08-13T00:42:45.022Z][INFO] project:list-packages <-- Request received
params: {}
[2026-08-13T00:42:45.275Z][INFO] config:project:get-registries <-- Request received
params: {}
[2026-08-13T00:42:45.312Z][INFO] config:project:get-registries --> 200 (37 ms)
[2026-08-13T00:42:45.826Z][INFO] project:list-packages --> 200 (804 ms)
[2026-08-13T00:42:47.681Z][INFO] packages:get-packageinfo <-- Request received
params: {
  "packageId": "com.unity.ide.rider"
}
[2026-08-13T00:42:48.312Z][INFO] packages:get-packageinfo --> 200 (631 ms)
[2026-08-13T00:44:26.341Z][INFO] project:list-packages <-- Request received
params: {}
[2026-08-13T00:44:26.745Z][INFO] project:list-packages --> 200 (404 ms)
[2026-08-13T00:44:27.435Z][INFO] project:list-packages <-- Request received
params: {}
[2026-08-13T00:44:27.809Z][INFO] config:project:get-registries <-- Request received
params: {}
[2026-08-13T00:44:27.828Z][INFO] config:project:get-registries --> 200 (19 ms)
[2026-08-13T00:44:28.087Z][INFO] project:list-packages --> 200 (652 ms)
[2026-08-13T00:44:32.582Z][INFO] packages:get-packageinfo <-- Request received
params: {
  "packageId": "com.unity.ide.rider"
}
[2026-08-13T00:44:33.083Z][INFO] packages:get-packageinfo --> 200 (501 ms)
[2026-08-13T00:44:34.174Z][INFO] packages:get-packageinfo <-- Request received
params: {
  "packageId": "com.unity.ide.rider"
}
[2026-08-13T00:44:34.209Z][INFO] packages:get-packageinfo --> 200 (35 ms)
[2026-08-13T01:24:40.088Z][INFO] project:list-packages <-- Request received
params: {}
[2026-08-13T01:24:40.630Z][INFO] project:list-packages --> 200 (542 ms)
[2026-08-13T01:24:41.334Z][INFO] project:list-packages <-- Request received
params: {}
[2026-08-13T01:24:41.735Z][INFO] config:project:get-registries <-- Request received
params: {}
[2026-08-13T01:24:41.796Z][INFO] project:list-packages --> 200 (462 ms)
[2026-08-13T01:24:41.797Z][INFO] config:project:get-registries --> 200 (62 ms)
[2026-08-13T01:24:44.347Z][INFO] packages:get-packageinfo <-- Request received
params: {
  "packageId": "com.unity.ide.rider"
}
[2026-08-13T01:24:44.931Z][INFO] packages:get-packageinfo --> 200 (584 ms)
[2026-08-13T01:25:53.665Z][INFO] project:list-packages <-- Request received
params: {}
[2026-08-13T01:25:54.010Z][INFO] project:list-packages --> 200 (345 ms)
[2026-08-13T01:25:54.507Z][INFO] project:list-packages <-- Request received
params: {}
[2026-08-13T01:25:54.829Z][INFO] config:project:get-registries <-- Request received
params: {}
[2026-08-13T01:25:54.867Z][INFO] config:project:get-registries --> 200 (37 ms)
[2026-08-13T01:25:54.962Z][INFO] project:list-packages --> 200 (455 ms)
[2026-08-13T01:25:57.939Z][INFO] packages:get-packageinfo <-- Request received
params: {
  "packageId": "com.unity.ide.rider"
}
[2026-08-13T01:25:58.445Z][INFO] packages:get-packageinfo --> 200 (506 ms)
[2026-08-13T01:28:12.888Z][INFO] project:list-packages <-- Request received
params: {}
[2026-08-13T01:28:13.224Z][INFO] project:list-packages --> 200 (336 ms)
[2026-08-13T01:28:13.850Z][INFO] project:list-packages <-- Request received
params: {}
[2026-08-13T01:28:14.308Z][INFO] config:project:get-registries <-- Request received
params: {}
[2026-08-13T01:28:14.323Z][INFO] config:project:get-registries --> 200 (15 ms)
[2026-08-13T01:28:14.407Z][INFO] project:list-packages --> 200 (557 ms)
[2026-08-13T01:28:17.390Z][INFO] packages:get-packageinfo <-- Request received
params: {
  "packageId": "com.unity.ide.rider"
}
[2026-08-13T01:28:18.271Z][INFO] packages:get-packageinfo --> 200 (881 ms)
[2026-08-13T01:32:56.911Z][INFO] project:list-packages <-- Request received
params: {}
[2026-08-13T01:32:57.274Z][INFO] project:list-packages --> 200 (364 ms)
[2026-08-13T01:32:57.671Z][INFO] project:list-packages <-- Request received
params: {}
[2026-08-13T01:32:57.966Z][INFO] config:project:get-registries <-- Request received
params: {}
[2026-08-13T01:32:58.078Z][INFO] config:project:get-registries --> 200 (112 ms)
[2026-08-13T01:32:58.174Z][INFO] project:list-packages --> 200 (504 ms)
[2026-08-13T01:33:00.071Z][INFO] packages:get-packageinfo <-- Request received
params: {
  "packageId": "com.unity.ide.rider"
}
[2026-08-13T01:33:01.044Z][INFO] packages:get-packageinfo --> 200 (973 ms)
[2026-08-13T01:33:02.357Z][INFO] packages:get-packageinfo <-- Request received
params: {
  "packageId": "com.unity.ide.rider"
}
[2026-08-13T01:33:02.409Z][INFO] packages:get-packageinfo --> 200 (52 ms)
[2026-08-13T01:37:09.180Z][INFO] project:list-packages <-- Request received
params: {}
[2026-08-13T01:37:09.492Z][INFO] project:list-packages --> 200 (312 ms)
[2026-08-13T01:37:10.018Z][INFO] project:list-packages <-- Request received
params: {}
[2026-08-13T01:37:10.328Z][INFO] config:project:get-registries <-- Request received
params: {}
[2026-08-13T01:37:10.437Z][INFO] project:list-packages --> 200 (420 ms)
[2026-08-13T01:37:10.437Z][INFO] config:project:get-registries --> 200 (109 ms)
[2026-08-13T01:37:12.885Z][INFO] packages:get-packageinfo <-- Request received
params: {
  "packageId": "com.unity.ide.rider"
}
[2026-08-13T01:37:13.574Z][INFO] packages:get-packageinfo --> 200 (688 ms)
[2026-08-13T01:37:51.263Z][INFO] project:list-packages <-- Request received
params: {}
[2026-08-13T01:37:51.619Z][INFO] project:list-packages --> 200 (356 ms)
[2026-08-13T01:37:52.164Z][INFO] project:list-packages <-- Request received
params: {}
[2026-08-13T01:37:52.428Z][INFO] config:project:get-registries <-- Request received
params: {}
[2026-08-13T01:37:52.456Z][INFO] config:project:get-registries --> 200 (28 ms)
[2026-08-13T01:37:52.678Z][INFO] project:list-packages --> 200 (514 ms)
[2026-08-13T01:37:54.692Z][INFO] packages:get-packageinfo <-- Request received
params: {
  "packageId": "com.unity.ide.rider"
}
[2026-08-13T01:37:55.198Z][INFO] packages:get-packageinfo --> 200 (506 ms)
[2026-08-13T01:38:13.454Z][INFO] project:list-packages <-- Request received
params: {}
[2026-08-13T01:38:13.812Z][INFO] project:list-packages --> 200 (358 ms)
[2026-08-13T01:38:14.245Z][INFO] project:list-packages <-- Request received
params: {}
[2026-08-13T01:38:14.590Z][INFO] config:project:get-registries <-- Request received
params: {}
[2026-08-13T01:38:14.623Z][INFO] config:project:get-registries --> 200 (33 ms)
[2026-08-13T01:38:14.754Z][INFO] project:list-packages --> 200 (509 ms)
[2026-08-13T01:38:16.810Z][INFO] packages:get-packageinfo <-- Request received
params: {
  "packageId": "com.unity.ide.rider"
}
[2026-08-13T01:38:16.852Z][INFO] packages:get-packageinfo --> 200 (42 ms)
[2026-08-13T01:38:19.752Z][INFO] packages:get-packageinfo <-- Request received
params: {
  "packageId": "com.unity.ide.rider"
}
[2026-08-13T01:38:19.791Z][INFO] packages:get-packageinfo --> 200 (39 ms)
[2026-08-13T01:40:27.384Z][INFO] project:list-packages <-- Request received
params: {}
[2026-08-13T01:40:27.755Z][INFO] project:list-packages --> 200 (371 ms)
[2026-08-13T01:40:28.229Z][INFO] project:list-packages <-- Request received
params: {}
[2026-08-13T01:40:28.629Z][INFO] config:project:get-registries <-- Request received
params: {}
[2026-08-13T01:40:28.641Z][INFO] config:project:get-registries --> 200 (12 ms)
[2026-08-13T01:40:28.749Z][INFO] project:list-packages --> 200 (520 ms)
[2026-08-13T01:40:31.073Z][INFO] packages:get-packageinfo <-- Request received
params: {
  "packageId": "com.unity.ide.rider"
}
[2026-08-13T01:40:31.608Z][INFO] packages:get-packageinfo --> 200 (535 ms)
[2026-08-13T01:40:42.413Z][INFO] project:list-packages <-- Request received
params: {}
[2026-08-13T01:40:42.747Z][INFO] project:list-packages --> 200 (334 ms)
[2026-08-13T01:40:43.242Z][INFO] project:list-packages <-- Request received
params: {}
[2026-08-13T01:40:43.581Z][INFO] config:project:get-registries <-- Request received
params: {}
[2026-08-13T01:40:43.602Z][INFO] config:project:get-registries --> 200 (22 ms)
[2026-08-13T01:40:43.712Z][INFO] project:list-packages --> 200 (470 ms)
[2026-08-13T01:40:45.782Z][INFO] packages:get-packageinfo <-- Request received
params: {
  "packageId": "com.unity.ide.rider"
}
[2026-08-13T01:40:45.823Z][INFO] packages:get-packageinfo --> 200 (41 ms)
[2026-08-13T01:42:11.442Z][INFO] project:list-packages <-- Request received
params: {}
[2026-08-13T01:42:11.836Z][INFO] project:list-packages --> 200 (394 ms)
[2026-08-13T01:42:12.229Z][INFO] project:list-packages <-- Request received
params: {}
[2026-08-13T01:42:12.489Z][INFO] config:project:get-registries <-- Request received
params: {}
[2026-08-13T01:42:12.585Z][INFO] config:project:get-registries --> 200 (96 ms)
[2026-08-13T01:42:12.681Z][INFO] project:list-packages --> 200 (452 ms)
[2026-08-13T01:42:15.132Z][INFO] packages:get-packageinfo <-- Request received
params: {
  "packageId": "com.unity.ide.rider"
}
[2026-08-13T01:42:16.342Z][INFO] packages:get-packageinfo --> 200 (1211 ms)
